// Jest Snapshot v1, https://goo.gl/fbAQLP

exports[`ScrollToTop should match snapshot 1`] = `
<BrowserRouter
  initialEntries={
    Array [
      "/",
    ]
  }
>
  <Router
    history={
      Object {
        "action": "POP",
        "block": [Function],
        "createHref": [Function],
        "go": [Function],
        "goBack": [Function],
        "goForward": [Function],
        "length": 1,
        "listen": [Function],
        "location": Object {
          "hash": "",
          "pathname": "/",
          "search": "",
          "state": undefined,
        },
        "push": [Function],
        "replace": [Function],
      }
    }
  >
    <withRouter(ScrollToTop)>
      <ScrollToTop
        history={
          Object {
            "action": "POP",
            "block": [Function],
            "createHref": [Function],
            "go": [Function],
            "goBack": [Function],
            "goForward": [Function],
            "length": 1,
            "listen": [Function],
            "location": Object {
              "hash": "",
              "pathname": "/",
              "search": "",
              "state": undefined,
            },
            "push": [Function],
            "replace": [Function],
          }
        }
        location={
          Object {
            "hash": "",
            "pathname": "/",
            "search": "",
            "state": undefined,
          }
        }
        match={
          Object {
            "isExact": true,
            "params": Object {},
            "path": "/",
            "url": "/",
          }
        }
      />
    </withRouter(ScrollToTop)>
  </Router>
</BrowserRouter>
`;
